2025-07-31 22:21:10,125 INFO o.a.j.u.JMeterUtils: Setting Locale to en_EN
2025-07-31 22:21:10,140 INFO o.a.j.JMeter: Loading user properties from: /workspace/jmeter/bin/user.properties
2025-07-31 22:21:10,140 INFO o.a.j.JMeter: Loading system properties from: /workspace/jmeter/bin/system.properties
2025-07-31 22:21:10,143 INFO o.a.j.JMeter: Copyright (c) 1998-2024 The Apache Software Foundation
2025-07-31 22:21:10,144 INFO o.a.j.JMeter: Version 5.6.3
2025-07-31 22:21:10,144 INFO o.a.j.JMeter: java.version=21.0.7
2025-07-31 22:21:10,144 INFO o.a.j.JMeter: java.vm.name=OpenJDK 64-Bit Server VM
2025-07-31 22:21:10,144 INFO o.a.j.JMeter: os.name=Linux
2025-07-31 22:21:10,144 INFO o.a.j.JMeter: os.arch=amd64
2025-07-31 22:21:10,144 INFO o.a.j.JMeter: os.version=6.12.8+
2025-07-31 22:21:10,144 INFO o.a.j.JMeter: file.encoding=UTF-8
2025-07-31 22:21:10,144 INFO o.a.j.JMeter: java.awt.headless=null
2025-07-31 22:21:10,144 INFO o.a.j.JMeter: Max memory     =1073741824
2025-07-31 22:21:10,144 INFO o.a.j.JMeter: Available Processors =4
2025-07-31 22:21:10,150 INFO o.a.j.JMeter: Default Locale=English (EN)
2025-07-31 22:21:10,150 INFO o.a.j.JMeter: JMeter  Locale=English (EN)
2025-07-31 22:21:10,150 INFO o.a.j.JMeter: JMeterHome=/workspace/jmeter
2025-07-31 22:21:10,150 INFO o.a.j.JMeter: user.dir  =/workspace
2025-07-31 22:21:10,150 INFO o.a.j.JMeter: PWD       =/workspace
2025-07-31 22:21:10,151 INFO o.a.j.JMeter: IP: 127.0.0.1 Name: cursor FullName: localhost
